Session: 2026.03.23.14.24.35_N17.mat
Windows:   1550
fit:    7 blocks
Written: results/holdout/baseline_N17_N18/2026.03.23.14.24.35_N17/predictions.csv, results/holdout/baseline_N17_N18/2026.03.23.14.24.35_N17/timings.csv
{
  "base_quality": 36.1519,
  "nirs_bonus": {
    "present": true,
    "points": 6.3228,
    "min_f1": 0.08818897637795275,
    "macro_recall": 0.38390933532752886,
    "detail": "valid NIRS-only matrix"
  },
  "engineering": 0.0,
  "penalties": 0,
  "total": 42.4747,
  "max_possible": 130.0
}
Written: results/holdout/baseline_N17_N18/2026.03.23.14.24.35_N17/metrics.json
Session: 2026.03.24.18.00.22_N18.mat
Windows:   1547
fit:    7 blocks
Written: results/holdout/baseline_N17_N18/2026.03.24.18.00.22_N18/predictions.csv, results/holdout/baseline_N17_N18/2026.03.24.18.00.22_N18/timings.csv
{
  "base_quality": 47.0611,
  "nirs_bonus": {
    "present": true,
    "points": 9.7752,
    "min_f1": 0.3183475091130012,
    "macro_recall": 0.4078745820957151,
    "detail": "valid NIRS-only matrix"
  },
  "engineering": 0.0,
  "penalties": 0,
  "total": 56.8363,
  "max_possible": 130.0
}
Written: results/holdout/baseline_N17_N18/2026.03.24.18.00.22_N18/metrics.json
Session: 2026.03.25.12.49.29_N18.mat
Windows:   1544
fit:    7 blocks
Written: results/holdout/baseline_N17_N18/2026.03.25.12.49.29_N18/predictions.csv, results/holdout/baseline_N17_N18/2026.03.25.12.49.29_N18/timings.csv
{
  "base_quality": 48.5078,
  "nirs_bonus": {
    "present": true,
    "points": 10.1569,
    "min_f1": 0.34379263301500684,
    "macro_recall": 0.4531168315997231,
    "detail": "valid NIRS-only matrix"
  },
  "engineering": 0.0,
  "penalties": 0,
  "total": 58.6647,
  "max_possible": 130.0
}
Written: results/holdout/baseline_N17_N18/2026.03.25.12.49.29_N18/metrics.json
Session: 2026.03.25.13.04.32_N18.mat
Windows:   1545
fit:    7 blocks
Written: results/holdout/baseline_N17_N18/2026.03.25.13.04.32_N18/predictions.csv, results/holdout/baseline_N17_N18/2026.03.25.13.04.32_N18/timings.csv
{
  "base_quality": 37.7361,
  "nirs_bonus": {
    "present": true,
    "points": 9.7711,
    "min_f1": 0.3180722891566265,
    "macro_recall": 0.39856289191191013,
    "detail": "valid NIRS-only matrix"
  },
  "engineering": 0.0,
  "penalties": 0,
  "total": 47.5072,
  "max_possible": 130.0
}
Written: results/holdout/baseline_N17_N18/2026.03.25.13.04.32_N18/metrics.json
Session: 2026.03.25.14.35.20_N17.mat
Windows:   1553
fit:    7 blocks
Written: results/holdout/baseline_N17_N18/2026.03.25.14.35.20_N17/predictions.csv, results/holdout/baseline_N17_N18/2026.03.25.14.35.20_N17/timings.csv
{
  "base_quality": 40.3521,
  "nirs_bonus": {
    "present": true,
    "points": 8.7811,
    "min_f1": 0.25207296849087896,
    "macro_recall": 0.4081861684954468,
    "detail": "valid NIRS-only matrix"
  },
  "engineering": 0.0,
  "penalties": 0,
  "total": 49.1332,
  "max_possible": 130.0
}
Written: results/holdout/baseline_N17_N18/2026.03.25.14.35.20_N17/metrics.json
Session: 2026.03.25.14.46.04_N17.mat
Windows:   1548
fit:    7 blocks
Written: results/holdout/baseline_N17_N18/2026.03.25.14.46.04_N17/predictions.csv, results/holdout/baseline_N17_N18/2026.03.25.14.46.04_N17/timings.csv
{
  "base_quality": 40.0546,
  "nirs_bonus": {
    "present": true,
    "points": 9.6262,
    "min_f1": 0.308411214953271,
    "macro_recall": 0.4234092016489139,
    "detail": "valid NIRS-only matrix"
  },
  "engineering": 0.0,
  "penalties": 0,
  "total": 49.6808,
  "max_possible": 130.0
}
Written: results/holdout/baseline_N17_N18/2026.03.25.14.46.04_N17/metrics.json
Session: 2026.03.26.12.37.48_N18.mat
Windows:   1552
fit:    7 blocks
Written: results/holdout/baseline_N17_N18/2026.03.26.12.37.48_N18/predictions.csv, results/holdout/baseline_N17_N18/2026.03.26.12.37.48_N18/timings.csv
{
  "base_quality": 38.4639,
  "nirs_bonus": {
    "present": true,
    "points": 7.5532,
    "min_f1": 0.1702127659574468,
    "macro_recall": 0.42543644617407744,
    "detail": "valid NIRS-only matrix"
  },
  "engineering": 0.0,
  "penalties": 0,
  "total": 46.0171,
  "max_possible": 130.0
}
Written: results/holdout/baseline_N17_N18/2026.03.26.12.37.48_N18/metrics.json
Session: 2026.03.26.14.21.39_N17.mat
Windows:   1546
fit:    7 blocks
Written: results/holdout/baseline_N17_N18/2026.03.26.14.21.39_N17/predictions.csv, results/holdout/baseline_N17_N18/2026.03.26.14.21.39_N17/timings.csv
{
  "base_quality": 44.1932,
  "nirs_bonus": {
    "present": true,
    "points": 7.3752,
    "min_f1": 0.15834767641996558,
    "macro_recall": 0.457450415577141,
    "detail": "valid NIRS-only matrix"
  },
  "engineering": 0.0,
  "penalties": 0,
  "total": 51.5684,
  "max_possible": 130.0
}
Written: results/holdout/baseline_N17_N18/2026.03.26.14.21.39_N17/metrics.json
{
  "base_quality": 41.5651,
  "nirs_bonus": {
    "present": true,
    "points": 8.6702,
    "min_f1": 0.2446807541855187,
    "macro_recall": 0.41974323410380704,
    "detail": "valid NIRS-only matrix"
  },
  "engineering": 0.0,
  "penalties": 0,
  "total": 50.2353,
  "max_possible": 130.0
}
Written: results/holdout/baseline_N17_N18/metrics.json
[1/8] 2026.03.23.14.24.35_N17.mat
[2/8] 2026.03.24.18.00.22_N18.mat
[3/8] 2026.03.25.12.49.29_N18.mat
[4/8] 2026.03.25.13.04.32_N18.mat
[5/8] 2026.03.25.14.35.20_N17.mat
[6/8] 2026.03.25.14.46.04_N17.mat
[7/8] 2026.03.26.12.37.48_N18.mat
[8/8] 2026.03.26.14.21.39_N17.mat

=== SUMMARY ===
sessions:      8
mean accuracy: 0.6367 (diagnostic only)
mean min-F1:   0.4050
macro-recall:  0.5754
score:         50.2353
written:       /workspace/scratch/5d9519e91011/EEG_NIRS_Competition_Final/results/holdout/baseline_N17_N18
